[
  {
    "hash": "193BC227F4340388BB8E7D1F7E0FC633531486B27616806638B522714670D61C",
    "chain": "binance",
    "from": "bnb1e9x6d44wnvk5xe54r24t9va7dpekxz03czffg3",
    "to": "bva1jh99vrdj0g3n2snrelzrh45s7cs7usqr3x40kk",
    "block_created_at": 1624345116,
    "block": 171261001,
    "status": "success",
    "sequence": 1,
    "type": "stake_undelegate",
    "fee": {
      "asset": "c714",
      "amount": "40000"
    },
    "metadata": {
      "asset": "c714",
      "amount": "102674939"
    }
  },
  {
    "hash": "D45BB19DC660A4A580C4CE6E114D96D2D822B3D492D1AD81AA383890CAB4BE64",
    "chain": "binance",
    "from": "bnb12xufpsysr6r0tankhqdaams9zee0tzxy006qns",
    "to": "bnb1jlc85v4xkct4ekq0pqxded03e3fj043q9jgr6f",
    "block_created_at": 1624571911,
    "block": 171812895,
    "status": "success",
    "sequence": 122978,
    "type": "transfer",
    "memo": "SWAP:BNB.RUNE-B1A::112987970375",
    "fee": {
      "asset": "c714",
      "amount": "7500"
    },
    "metadata": {
      "asset": "c714",
      "amount": "2399937500"
    }
  },
  {
    "hash": "D670C3156668E92D5E8985EF437BCF5CC4BCFDDADE47512E1EFC1F238CCABD54",
    "chain": "binance",
    "from": "bnb1v6t5vmme86ql0v5rjav5swx5l6gl5hajdqqv38",
    "to": "bva1s0ntnh523dc2u5ez3dcj2t34k2x7y60cue46rt",
    "block_created_at": 1624571629,
    "block": 171812238,
    "status": "success",
    "sequence": 6,
    "type": "stake_delegate",
    "fee": {
      "asset": "c714",
      "amount": "20000"
    },
    "metadata": {
      "asset": "c714",
      "amount": "150275463"
    }
  },
  {
    "hash": "5615940FCDFF26B10E3FD6C8EE62CC17B1069CC2253A87E1EFD89C9AEF342079",
    "chain": "binance",
    "from": "bnb17tx0cr4a7c9glxjmqutyx6lps95477dt63lz3f",
    "to": "bva1c6aqe9ndzcn2nsan963z43xg6kgrvzynl97785",
    "block_created_at": 1624571657,
    "block": 171812304,
    "status": "success",
    "sequence": 16,
    "type": "stake_undelegate",
    "fee": {
      "asset": "c714",
      "amount": "40000"
    },
    "metadata": {
      "asset": "c714",
      "amount": "2100896983"
    }
  }
]